
> ecommerce-microservice@1.0.0 test:catalog:helpers
> ts-node --project tsconfig.json apps/catalog/src/services/product/__tests__/product-helpers.spec.ts

✓ normalizeOptionDefinitions enforces uniqueness and structure
✓ normalizeAttributesForOptions sorts loose attributes and validates variants
✓ buildCombinationKey and equality helpers behave consistently
✓ ProductMapper maps product and variant payloads with overrides

4 helper tests passed
npm notice
npm notice New minor version of npm available! 11.4.2 -> 11.7.0
npm notice Changelog: https://github.com/npm/cli/releases/tag/v11.7.0
npm notice To update run: npm install -g npm@11.7.0
npm notice
